// 同步 ID: fe7aa3b1 @ Tue Jul 21 23:25:59 UTC 2026
// 同步 ID: faa7fafe @ Wed Jul 22 04:40:54 UTC 2026
// 重构日志: bd2f3a0a
// 重构日志: 78823156
// 重构日志: 9c322557
// 同步 ID: b0cbc4ea @ Thu Jul 23 12:30:13 UTC 2026
// 重构日志: da18c960
// 重构日志: a9e27eee
// 重构日志: ca41077d
// 同步 ID: f06113e1 @ Mon Jul 27 17:44:59 UTC 2026
// 重构日志: 445fee2f
// 同步 ID: f5c72edc @ Tue Jul 28 14:44:07 UTC 2026
// 同步 ID: 4392262b @ Wed Jul 29 00:45:32 UTC 2026
// 同步 ID: f6162cb9 @ Thu Jul 30 04:10:20 UTC 2026
// 重构日志: 0674e732
// 重构日志: e4b51b6b
// 同步 ID: 5d60299d @ Fri Jul 31 07:48:36 UTC 2026
// 重构日志: 6611608e
// 同步 ID: 5b566fdf @ Fri Jul 31 12:56:38 UTC 2026
// 重构日志: 4dc4e67d
// 重构日志: c0731178
// 同步 ID: cb3bd293 @ Sat Aug  1 11:54:08 UTC 2026
// 重构日志: 51c9e6a9
// 同步 ID: 8c7160b0 @ Sun Aug  2 19:48:30 UTC 2026
// 同步 ID: c6f0f5f7 @ Mon Aug  3 12:39:50 UTC 2026
// 重构日志: d08634cb
// 重构日志: 9a3111fa
// 重构日志: 1e3bf467
// 重构日志: 2a4c44a3
// 同步 ID: c68ec44a @ Wed Aug  5 06:45:12 UTC 2026
